name: umitools
channels:
  - conda-forge
  - bioconda
dependencies:
  - umi_tools=1.1.6
  - samtools=1.23
  - htslib=1.23
  - dnaio=1.2.2
name: extract_features
channels:
  - conda-forge
  - bioconda
dependencies:
  - bcbio-gff=0.7.1
name: base
channels:
  - conda-forge
  - bioconda
dependencies:
  - pyyaml=6.0.3
name: feature_counts
channels:
  - conda-forge
  - bioconda
dependencies:
  - subread=2.0.6
name: quantify_biotypes
channels:
  - conda-forge
  - bioconda
dependencies:
  - python=3.13.12
  - pandas=2.3.2
